<h1 id="one-include">One include</h1>
<p>This text is from a partial.</p>
