<ul>
  <li>
    <a href="part1/index.html">part1</a>
    <ul>
      <li>
        <a href="part1/chapter1/index.html">chapter1</a>
      </li>
      <li>
        <a href="part1/chapter2/index.html">chapter2</a>
      </li>
    </ul>
  </li>
  <li>
    <a href="part2/index.html">part2</a>
    <ul>
      <li>
        <a href="part2/chapter1/index.html">chapter1</a>
      </li>
      <li>
        <a href="part2/chapter2/index.html">chapter2</a>
      </li>
    </ul>
  </li>
</ul>