
\hypertarget{r}{}
\bookmark[level=1,dest=r]{Images}

\hypertarget{images}{%
\section{Images}\label{images}}

\includegraphics[width=1\textwidth,height=\textheight]{images/test.png}

\includegraphics[width=\textwidth]{images/test.png}
