
\hypertarget{r}{}
\bookmark[level=2,dest=r]{Page}

\hypertarget{page}{%
\section{Page}\label{page}}

Hello, world.