<ul>
  <li>
    <a href="part1/index.html">part1</a>
    <ul>
      <li>
        <a href="part1/chapter1/index.html">chapter1</a>
        <ul>
          <li>
            <a href="part1/chapter1/section1/index.html">section1</a>
            <ul>
              <li>
                <a href="part1/chapter1/section1/article1.html">article1</a>
              </li>
              <li>
                <a href="part1/chapter1/section1/article2.html">article2</a>
              </li>
            </ul>
          </li>
          <li>
            <a href="part1/chapter1/section2/index.html">section2</a>
            <ul>
              <li>
                <a href="part1/chapter1/section2/article1.html">article1</a>
              </li>
              <li>
                <a href="part1/chapter1/section2/article2.html">article2</a>
              </li>
            </ul>
          </li>
        </ul>
      </li>
      <li>
        <a href="part1/chapter2/index.html">chapter2</a>
        <ul>
          <li>
            <a href="part1/chapter2/section1/index.html">section1</a>
            <ul>
              <li>
                <a href="part1/chapter2/section1/article1.html">article1</a>
              </li>
              <li>
                <a href="part1/chapter2/section1/article2.html">article2</a>
              </li>
            </ul>
          </li>
          <li>
            <a href="part1/chapter2/section2/index.html">section2</a>
            <ul>
              <li>
                <a href="part1/chapter2/section2/article1.html">article1</a>
              </li>
              <li>
                <a href="part1/chapter2/section2/article2.html">article2</a>
              </li>
            </ul>
          </li>
        </ul>
      </li>
    </ul>
  </li>
  <li>
    <a href="part2/index.html">part2</a>
    <ul>
      <li>
        <a href="part2/chapter1/index.html">chapter1</a>
        <ul>
          <li>
            <a href="part2/chapter1/section1/index.html">section1</a>
            <ul>
              <li>
                <a href="part2/chapter1/section1/article1.html">article1</a>
              </li>
              <li>
                <a href="part2/chapter1/section1/article2.html">article2</a>
              </li>
            </ul>
          </li>
          <li>
            <a href="part2/chapter1/section2/index.html">section2</a>
            <ul>
              <li>
                <a href="part2/chapter1/section2/article1.html">article1</a>
              </li>
              <li>
                <a href="part2/chapter1/section2/article2.html">article2</a>
              </li>
            </ul>
          </li>
        </ul>
      </li>
      <li>
        <a href="part2/chapter2/index.html">chapter2</a>
        <ul>
          <li>
            <a href="part2/chapter2/section1/index.html">section1</a>
            <ul>
              <li>
                <a href="part2/chapter2/section1/article1.html">article1</a>
              </li>
              <li>
                <a href="part2/chapter2/section1/article2.html">article2</a>
              </li>
            </ul>
          </li>
          <li>
            <a href="part2/chapter2/section2/index.html">section2</a>
            <ul>
              <li>
                <a href="part2/chapter2/section2/article1.html">article1</a>
              </li>
              <li>
                <a href="part2/chapter2/section2/article2.html">article2</a>
              </li>
            </ul>
          </li>
        </ul>
      </li>
    </ul>
  </li>
</ul>