<h1>One include</h1>

<p>This text is from a partial.</p>
