<h1>Two includes</h1>

<p>This text is from a partial.</p>
<p>This text is from a partial.</p>
