<ul>
  <li>
    <a href="../../index.html">part1</a>
    <ul>
      <li>
        <a href="../index.html">chapter1</a>
        <ul>
          <li>
            <a href="index.html">section1</a>
            <ul>
              <li>
                <strong>article1</strong>
              </li>
              <li>
                <a href="article2.html">article2</a>
              </li>
            </ul>
          </li>
          <li>
            <a href="../section2/index.html">section2</a>
          </li>
        </ul>
      </li>
      <li>
        <a href="../../chapter2/index.html">chapter2</a>
        <ul>
          <li>
            <a href="../../chapter2/section1/index.html">section1</a>
          </li>
          <li>
            <a href="../../chapter2/section2/index.html">section2</a>
          </li>
        </ul>
      </li>
    </ul>
  </li>
  <li>
    <a href="../../../part2/index.html">part2</a>
    <ul>
      <li>
        <a href="../../../part2/chapter1/index.html">chapter1</a>
        <ul>
          <li>
            <a href="../../../part2/chapter1/section1/index.html">section1</a>
          </li>
          <li>
            <a href="../../../part2/chapter1/section2/index.html">section2</a>
          </li>
        </ul>
      </li>
      <li>
        <a href="../../../part2/chapter2/index.html">chapter2</a>
        <ul>
          <li>
            <a href="../../../part2/chapter2/section1/index.html">section1</a>
          </li>
          <li>
            <a href="../../../part2/chapter2/section2/index.html">section2</a>
          </li>
        </ul>
      </li>
    </ul>
  </li>
</ul>