\documentclass[fontsize=13pt]{scrbook}
\tracinglostchars=3

%%%%%%%%%%%%%%%%%%%%%%%%%%%%%%%%%%%%%%%%%%%%%%%%%%%%%%%%%%%%%%%%%%%%%%%%%%%%%%%%

\RequirePackage{hyperref}
\RequirePackage{color}
\hypersetup{colorlinks=true, allcolors=red}

%%%%%%%%%%%%%%%%%%%%%%%%%%%%%%%%%%%%%%%%%%%%%%%%%%%%%%%%%%%%%%%%%%%%%%%%%%%%%%%%

\begin{document}
\begin{sloppypar}

%%%%%%%%%%%%%%%%%%%%%%%%%%%%%%%%%%%%%%%%%%%%%%%%%%%%%%%%%%%%%%%%%%%%%%%%%%%%%%%%

%%% index.md

\hypertarget{r}{}
\bookmark[level=2,dest=r]{Page}

\hypertarget{page}{%
\section{Page}\label{page}}

Hello, world.


%%%%%%%%%%%%%%%%%%%%%%%%%%%%%%%%%%%%%%%%%%%%%%%%%%%%%%%%%%%%%%%%%%%%%%%%%%%%%%%%

\end{sloppypar}
\end{document}