<ul>
  <li>
    <a href="part1/index.html">part1</a>
  </li>
  <li>
    <a href="part2/index.html">part2</a>
  </li>
</ul>